Colouring graph using "Sequential backtracking algorithm.
Colouring Time Elapsed:	2584.744554 ms
Number of colours used: 26
PASS
Colouring graph using "Sequential backtracking algorithm.
Colouring Time Elapsed:	21963.859360 ms
Number of colours used: 26
PASS
Colouring graph using "Sequential backtracking algorithm.
Colouring Time Elapsed:	1275.501379 ms
Number of colours used: 27
PASS
Colouring graph using "Sequential backtracking algorithm.
Colouring Time Elapsed:	22856.459491 ms
Number of colours used: 26
PASS
Colouring graph using "Sequential backtracking algorithm.
Colouring Time Elapsed:	693.954226 ms
Number of colours used: 25
PASS
Colouring graph using "Sequential backtracking algorithm.
Colouring Time Elapsed:	559.073165 ms
Number of colours used: 26
PASS
Colouring graph using "Sequential backtracking algorithm.
Colouring Time Elapsed:	4347.440293 ms
Number of colours used: 25
PASS
Colouring graph using "Sequential backtracking algorithm.
Colouring Time Elapsed:	4583.585644 ms
Number of colours used: 25
PASS
Colouring graph using "Sequential backtracking algorithm.
Colouring Time Elapsed:	343.919240 ms
Number of colours used: 27
PASS
Colouring graph using "Sequential backtracking algorithm.
Colouring Time Elapsed:	141.870292 ms
Number of colours used: 25
PASS
