Colouring graph using "Sequential backtracking algorithm.
Colouring Time Elapsed:	15985.938444 ms
Number of colours used: 11
PASS
Colouring graph using "Sequential backtracking algorithm.
Colouring Time Elapsed:	178718.081089 ms
Number of colours used: 10
PASS
Colouring graph using "Sequential backtracking algorithm.
Colouring Time Elapsed:	66779.629594 ms
Number of colours used: 11
PASS
Colouring graph using "Sequential backtracking algorithm.
Colouring Time Elapsed:	23275.741957 ms
Number of colours used: 11
PASS
Colouring graph using "Sequential backtracking algorithm.
Colouring Time Elapsed:	72138.072418 ms
Number of colours used: 11
PASS
Colouring graph using "Sequential backtracking algorithm.
Colouring Time Elapsed:	43542.920662 ms
Number of colours used: 10
PASS
Colouring graph using "Sequential backtracking algorithm.
Colouring Time Elapsed:	18908.460887 ms
Number of colours used: 11
PASS
Colouring graph using "Sequential backtracking algorithm.
Colouring Time Elapsed:	147764.917917 ms
Number of colours used: 11
PASS
Colouring graph using "Sequential backtracking algorithm.
Colouring Time Elapsed:	3859.922054 ms
Number of colours used: 11
PASS
Colouring graph using "Sequential backtracking algorithm.
Colouring Time Elapsed:	1434.231170 ms
Number of colours used: 11
PASS
