Colouring graph using "Parallel backtracking algorithm" with 4 thread(s).
Colouring Time Elapsed:	4.154220 ms
Number of colours used: 4
PASS
Colouring graph using "Parallel backtracking algorithm" with 4 thread(s).
Colouring Time Elapsed:	8.050992 ms
Number of colours used: 4
PASS
Colouring graph using "Parallel backtracking algorithm" with 4 thread(s).
Colouring Time Elapsed:	4.170420 ms
Number of colours used: 4
PASS
Colouring graph using "Parallel backtracking algorithm" with 4 thread(s).
Colouring Time Elapsed:	6.150405 ms
Number of colours used: 4
PASS
Colouring graph using "Parallel backtracking algorithm" with 4 thread(s).
Colouring Time Elapsed:	7.497770 ms
Number of colours used: 4
PASS
Colouring graph using "Parallel backtracking algorithm" with 4 thread(s).
Colouring Time Elapsed:	6.239040 ms
Number of colours used: 4
PASS
Colouring graph using "Parallel backtracking algorithm" with 4 thread(s).
Colouring Time Elapsed:	5.905863 ms
Number of colours used: 4
PASS
Colouring graph using "Parallel backtracking algorithm" with 4 thread(s).
Colouring Time Elapsed:	5.175289 ms
Number of colours used: 4
PASS
Colouring graph using "Parallel backtracking algorithm" with 4 thread(s).
Colouring Time Elapsed:	5.416588 ms
Number of colours used: 4
PASS
Colouring graph using "Parallel backtracking algorithm" with 4 thread(s).
Colouring Time Elapsed:	4.160666 ms
Number of colours used: 4
PASS
