Colouring graph using "Parallel backtracking algorithm" with 2 thread(s).
Colouring Time Elapsed:	2.638140 ms
Number of colours used: 4
PASS
Colouring graph using "Parallel backtracking algorithm" with 2 thread(s).
Colouring Time Elapsed:	2.551954 ms
Number of colours used: 4
PASS
Colouring graph using "Parallel backtracking algorithm" with 2 thread(s).
Colouring Time Elapsed:	2.907764 ms
Number of colours used: 4
PASS
Colouring graph using "Parallel backtracking algorithm" with 2 thread(s).
Colouring Time Elapsed:	5.387741 ms
Number of colours used: 4
PASS
Colouring graph using "Parallel backtracking algorithm" with 2 thread(s).
Colouring Time Elapsed:	7.651648 ms
Number of colours used: 4
PASS
Colouring graph using "Parallel backtracking algorithm" with 2 thread(s).
Colouring Time Elapsed:	5.065702 ms
Number of colours used: 4
PASS
Colouring graph using "Parallel backtracking algorithm" with 2 thread(s).
Colouring Time Elapsed:	4.817922 ms
Number of colours used: 4
PASS
Colouring graph using "Parallel backtracking algorithm" with 2 thread(s).
Colouring Time Elapsed:	5.689648 ms
Number of colours used: 4
PASS
Colouring graph using "Parallel backtracking algorithm" with 2 thread(s).
Colouring Time Elapsed:	5.800369 ms
Number of colours used: 4
PASS
Colouring graph using "Parallel backtracking algorithm" with 2 thread(s).
Colouring Time Elapsed:	3.989704 ms
Number of colours used: 4
PASS
