Colouring graph using "Sequential backtracking algorithm.
4
Colouring Time Elapsed:	3.782142 ms
Number of colours used: 4
PASS
Colouring graph using "Sequential backtracking algorithm.
4
Colouring Time Elapsed:	3.819726 ms
Number of colours used: 4
PASS
Colouring graph using "Sequential backtracking algorithm.
4
Colouring Time Elapsed:	3.811005 ms
Number of colours used: 4
PASS
Colouring graph using "Sequential backtracking algorithm.
4
Colouring Time Elapsed:	3.811456 ms
Number of colours used: 4
PASS
Colouring graph using "Sequential backtracking algorithm.
5
4
Colouring Time Elapsed:	5.544613 ms
Number of colours used: 4
PASS
Colouring graph using "Sequential backtracking algorithm.
4
Colouring Time Elapsed:	4.824385 ms
Number of colours used: 4
PASS
Colouring graph using "Sequential backtracking algorithm.
4
Colouring Time Elapsed:	4.582621 ms
Number of colours used: 4
PASS
Colouring graph using "Sequential backtracking algorithm.
4
Colouring Time Elapsed:	3.789076 ms
Number of colours used: 4
PASS
Colouring graph using "Sequential backtracking algorithm.
4
Colouring Time Elapsed:	3.803379 ms
Number of colours used: 4
PASS
Colouring graph using "Sequential backtracking algorithm.
4
Colouring Time Elapsed:	3.804752 ms
Number of colours used: 4
PASS
