Colouring graph using "Parallel backtracking algorithm" with 8 thread(s).
Colouring Time Elapsed:	5.906160 ms
Number of colours used: 4
PASS
Colouring graph using "Parallel backtracking algorithm" with 8 thread(s).
Colouring Time Elapsed:	21.247705 ms
Number of colours used: 4
PASS
Colouring graph using "Parallel backtracking algorithm" with 8 thread(s).
Colouring Time Elapsed:	4.606492 ms
Number of colours used: 4
PASS
Colouring graph using "Parallel backtracking algorithm" with 8 thread(s).
Colouring Time Elapsed:	5.871852 ms
Number of colours used: 4
PASS
Colouring graph using "Parallel backtracking algorithm" with 8 thread(s).
Colouring Time Elapsed:	6.313209 ms
Number of colours used: 4
PASS
Colouring graph using "Parallel backtracking algorithm" with 8 thread(s).
Colouring Time Elapsed:	6.752949 ms
Number of colours used: 4
PASS
Colouring graph using "Parallel backtracking algorithm" with 8 thread(s).
Colouring Time Elapsed:	7.437701 ms
Number of colours used: 4
PASS
Colouring graph using "Parallel backtracking algorithm" with 8 thread(s).
Colouring Time Elapsed:	6.011777 ms
Number of colours used: 4
PASS
Colouring graph using "Parallel backtracking algorithm" with 8 thread(s).
Colouring Time Elapsed:	5.965774 ms
Number of colours used: 4
PASS
Colouring graph using "Parallel backtracking algorithm" with 8 thread(s).
Colouring Time Elapsed:	6.271793 ms
Number of colours used: 4
PASS
